// Jest Snapshot v1, https://goo.gl/fbAQLP

exports[`funcsmith integration: integration-test-1 1`] = `
[
  {
    "_id": "e57ec8617d467edfff00943eac189e0ec6eb1875",
    "_tag": "File",
    "baseDir": "/tmp/foo",
    "contents": Uint8Array [
      65,
    ],
    "fileBase": "a",
    "fileExt": ".txt",
    "fileName": "a.txt",
    "link": "/a.txt",
    "path": "/tmp/foo/a.txt",
    "relDir": ".",
    "relPath": "a.txt",
  },
  {
    "_id": "39c8584020d82dc00bda6e549a6c55284dd2f5f3",
    "_tag": "File",
    "baseDir": "/tmp/foo",
    "contents": Uint8Array [
      66,
    ],
    "fileBase": "b",
    "fileExt": ".txt",
    "fileName": "b.txt",
    "link": "/b.txt",
    "path": "/tmp/foo/b.txt",
    "relDir": ".",
    "relPath": "b.txt",
  },
  {
    "_id": "c7712f15959be6b0c2ad22b5b71d2e367d6ff138",
    "_tag": "File",
    "baseDir": "/tmp/foo",
    "contents": Uint8Array [
      98,
      97,
      109,
      44,
      98,
      97,
      122,
      10,
      116,
      114,
      117,
      101,
      44,
      102,
      97,
      108,
      115,
      101,
      10,
    ],
    "fileBase": "c",
    "fileExt": ".csv",
    "fileName": "c.csv",
    "link": "/c.csv",
    "path": "/tmp/foo/c.csv",
    "relDir": ".",
    "relPath": "c.csv",
  },
  {
    "_id": "c367b94579a7a9ac870a1b33a35075533487d8d6",
    "_tag": "File",
    "baseDir": "/tmp/foo",
    "contents": Uint8Array [
      123,
      34,
      98,
      97,
      109,
      34,
      58,
      32,
      116,
      114,
      117,
      101,
      44,
      32,
      34,
      98,
      97,
      122,
      34,
      58,
      32,
      32,
      102,
      97,
      108,
      115,
      101,
      32,
      125,
    ],
    "fileBase": "d",
    "fileExt": ".json",
    "fileName": "d.json",
    "link": "/d.json",
    "path": "/tmp/foo/d.json",
    "relDir": ".",
    "relPath": "d.json",
  },
  {
    "_id": "a5e1be9ba6cb5bf18597ee658159266a000426e6",
    "_tag": "File",
    "baseDir": "/tmp/foo",
    "contents": Uint8Array [
      73,
      71,
      78,
      79,
      82,
      69,
      32,
      49,
    ],
    "fileBase": "ignore1",
    "fileExt": ".txt",
    "fileName": "ignore1.txt",
    "link": "/ignore1.txt",
    "path": "/tmp/foo/ignore1.txt",
    "relDir": ".",
    "relPath": "ignore1.txt",
  },
  {
    "_id": "460eab01f1a4de403aced612ab4230ee610d6c09",
    "_tag": "File",
    "baseDir": "/tmp/foo",
    "contents": Uint8Array [
      69,
    ],
    "fileBase": "e",
    "fileExt": ".txt",
    "fileName": "e.txt",
    "link": "/bar/e.txt",
    "path": "/tmp/foo/bar/e.txt",
    "relDir": "bar",
    "relPath": "bar/e.txt",
  },
  {
    "_id": "f8cba7f6ca545e7d307a508d628ef61dc9ac8072",
    "_tag": "File",
    "baseDir": "/tmp/foo",
    "contents": Uint8Array [
      70,
    ],
    "fileBase": "f",
    "fileExt": ".log",
    "fileName": "f.log",
    "link": "/bar/f.log",
    "path": "/tmp/foo/bar/f.log",
    "relDir": "bar",
    "relPath": "bar/f.log",
  },
  {
    "_id": "5da00cfdc5bee8aa488d13af769799a7b4043766",
    "_tag": "File",
    "baseDir": "/tmp/foo",
    "collection": {
      "len": 3,
      "name": "posts",
      "next": {
        "_id": "af1250e6e96150b7d36c7b0448d0a11275cddb93",
        "_tag": "File",
        "baseDir": "/tmp/foo",
        "collection": {
          "len": 3,
          "name": "posts",
          "next": {
            "_id": "56b92724a5ed41ac6817e76408915c758d1ce978",
            "_tag": "File",
            "baseDir": "/tmp/foo",
            "contents": "<h1>P3</h1>
<p>p3 content</p>
",
            "date": 2024-01-03T00:00:00.000Z,
            "draft": false,
            "fileBase": "index",
            "fileExt": ".html",
            "fileName": "index.html",
            "frontMatter": {
              "date": 2024-01-03T00:00:00.000Z,
              "draft": false,
              "layout": "post.hbs",
              "nav": true,
              "navOrder": 1,
              "tags": [
                "tag1",
                "tag3",
              ],
              "title": "P3",
            },
            "layout": "post.hbs",
            "link": "/posts/p3",
            "nav": true,
            "navOrder": 1,
            "path": "/tmp/foo/posts/p3/index.html",
            "relDir": "posts/p3",
            "relPath": "posts/p3/index.html",
            "tags": [
              "tag1",
              "tag3",
            ],
            "title": "P3",
          },
          "previous": {
            "_id": "5da00cfdc5bee8aa488d13af769799a7b4043766",
            "_tag": "File",
            "baseDir": "/tmp/foo",
            "contents": "<h1>Home</h1>
<p>home content</p>
",
            "date": 2023-12-31T00:00:00.000Z,
            "fileBase": "index",
            "fileExt": ".html",
            "fileName": "index.html",
            "frontMatter": {
              "date": 2023-12-31T00:00:00.000Z,
              "layout": "layout.hbs",
              "nav": true,
              "navOrder": 2,
              "tags": [
                "tag1",
                "tag2",
              ],
              "title": "Home",
            },
            "layout": "layout.hbs",
            "link": "/posts",
            "nav": true,
            "navOrder": 2,
            "path": "/tmp/foo/posts/index.html",
            "relDir": "posts",
            "relPath": "posts/index.html",
            "tags": [
              "tag1",
              "tag2",
            ],
            "title": "Home",
          },
        },
        "contents": "<h1>P1</h1>
<p>p1 content</p>
",
        "date": 2024-01-01T00:00:00.000Z,
        "draft": false,
        "fileBase": "index",
        "fileExt": ".html",
        "fileName": "index.html",
        "frontMatter": {
          "date": 2024-01-01T00:00:00.000Z,
          "draft": false,
          "layout": "post.hbs",
          "title": "P1",
        },
        "layout": "post.hbs",
        "link": "/posts/p1",
        "path": "/tmp/foo/posts/p1/index.html",
        "relDir": "posts/p1",
        "relPath": "posts/p1/index.html",
        "title": "P1",
      },
    },
    "contents": "LAYOUT Home",
    "date": 2023-12-31T00:00:00.000Z,
    "fileBase": "index",
    "fileExt": ".html",
    "fileName": "index.html",
    "frontMatter": {
      "date": 2023-12-31T00:00:00.000Z,
      "layout": "layout.hbs",
      "nav": true,
      "navOrder": 2,
      "tags": [
        "tag1",
        "tag2",
      ],
      "title": "Home",
    },
    "layout": "layout.hbs",
    "link": "/posts",
    "nav": true,
    "navOrder": 2,
    "path": "/tmp/foo/posts/index.html",
    "relDir": "posts",
    "relPath": "posts/index.html",
    "tags": [
      "tag1",
      "tag2",
    ],
    "title": "Home",
  },
  {
    "_id": "af1250e6e96150b7d36c7b0448d0a11275cddb93",
    "_tag": "File",
    "baseDir": "/tmp/foo",
    "collection": {
      "len": 3,
      "name": "posts",
      "next": {
        "_id": "56b92724a5ed41ac6817e76408915c758d1ce978",
        "_tag": "File",
        "baseDir": "/tmp/foo",
        "collection": {
          "len": 3,
          "name": "posts",
          "previous": {
            "_id": "af1250e6e96150b7d36c7b0448d0a11275cddb93",
            "_tag": "File",
            "baseDir": "/tmp/foo",
            "contents": "<h1>P1</h1>
<p>p1 content</p>
",
            "date": 2024-01-01T00:00:00.000Z,
            "draft": false,
            "fileBase": "index",
            "fileExt": ".html",
            "fileName": "index.html",
            "frontMatter": {
              "date": 2024-01-01T00:00:00.000Z,
              "draft": false,
              "layout": "post.hbs",
              "title": "P1",
            },
            "layout": "post.hbs",
            "link": "/posts/p1",
            "path": "/tmp/foo/posts/p1/index.html",
            "relDir": "posts/p1",
            "relPath": "posts/p1/index.html",
            "title": "P1",
          },
        },
        "contents": "<h1>P3</h1>
<p>p3 content</p>
",
        "date": 2024-01-03T00:00:00.000Z,
        "draft": false,
        "fileBase": "index",
        "fileExt": ".html",
        "fileName": "index.html",
        "frontMatter": {
          "date": 2024-01-03T00:00:00.000Z,
          "draft": false,
          "layout": "post.hbs",
          "nav": true,
          "navOrder": 1,
          "tags": [
            "tag1",
            "tag3",
          ],
          "title": "P3",
        },
        "layout": "post.hbs",
        "link": "/posts/p3",
        "nav": true,
        "navOrder": 1,
        "path": "/tmp/foo/posts/p3/index.html",
        "relDir": "posts/p3",
        "relPath": "posts/p3/index.html",
        "tags": [
          "tag1",
          "tag3",
        ],
        "title": "P3",
      },
      "previous": {
        "_id": "5da00cfdc5bee8aa488d13af769799a7b4043766",
        "_tag": "File",
        "baseDir": "/tmp/foo",
        "collection": {
          "len": 3,
          "name": "posts",
          "next": {
            "_id": "af1250e6e96150b7d36c7b0448d0a11275cddb93",
            "_tag": "File",
            "baseDir": "/tmp/foo",
            "contents": "<h1>P1</h1>
<p>p1 content</p>
",
            "date": 2024-01-01T00:00:00.000Z,
            "draft": false,
            "fileBase": "index",
            "fileExt": ".html",
            "fileName": "index.html",
            "frontMatter": {
              "date": 2024-01-01T00:00:00.000Z,
              "draft": false,
              "layout": "post.hbs",
              "title": "P1",
            },
            "layout": "post.hbs",
            "link": "/posts/p1",
            "path": "/tmp/foo/posts/p1/index.html",
            "relDir": "posts/p1",
            "relPath": "posts/p1/index.html",
            "title": "P1",
          },
        },
        "contents": "<h1>Home</h1>
<p>home content</p>
",
        "date": 2023-12-31T00:00:00.000Z,
        "fileBase": "index",
        "fileExt": ".html",
        "fileName": "index.html",
        "frontMatter": {
          "date": 2023-12-31T00:00:00.000Z,
          "layout": "layout.hbs",
          "nav": true,
          "navOrder": 2,
          "tags": [
            "tag1",
            "tag2",
          ],
          "title": "Home",
        },
        "layout": "layout.hbs",
        "link": "/posts",
        "nav": true,
        "navOrder": 2,
        "path": "/tmp/foo/posts/index.html",
        "relDir": "posts",
        "relPath": "posts/index.html",
        "tags": [
          "tag1",
          "tag2",
        ],
        "title": "Home",
      },
    },
    "contents": "POST: P1",
    "date": 2024-01-01T00:00:00.000Z,
    "draft": false,
    "fileBase": "index",
    "fileExt": ".html",
    "fileName": "index.html",
    "frontMatter": {
      "date": 2024-01-01T00:00:00.000Z,
      "draft": false,
      "layout": "post.hbs",
      "title": "P1",
    },
    "layout": "post.hbs",
    "link": "/posts/p1",
    "path": "/tmp/foo/posts/p1/index.html",
    "relDir": "posts/p1",
    "relPath": "posts/p1/index.html",
    "title": "P1",
  },
  {
    "_id": "56b92724a5ed41ac6817e76408915c758d1ce978",
    "_tag": "File",
    "baseDir": "/tmp/foo",
    "collection": {
      "len": 3,
      "name": "posts",
      "previous": {
        "_id": "af1250e6e96150b7d36c7b0448d0a11275cddb93",
        "_tag": "File",
        "baseDir": "/tmp/foo",
        "collection": {
          "len": 3,
          "name": "posts",
          "next": {
            "_id": "56b92724a5ed41ac6817e76408915c758d1ce978",
            "_tag": "File",
            "baseDir": "/tmp/foo",
            "contents": "<h1>P3</h1>
<p>p3 content</p>
",
            "date": 2024-01-03T00:00:00.000Z,
            "draft": false,
            "fileBase": "index",
            "fileExt": ".html",
            "fileName": "index.html",
            "frontMatter": {
              "date": 2024-01-03T00:00:00.000Z,
              "draft": false,
              "layout": "post.hbs",
              "nav": true,
              "navOrder": 1,
              "tags": [
                "tag1",
                "tag3",
              ],
              "title": "P3",
            },
            "layout": "post.hbs",
            "link": "/posts/p3",
            "nav": true,
            "navOrder": 1,
            "path": "/tmp/foo/posts/p3/index.html",
            "relDir": "posts/p3",
            "relPath": "posts/p3/index.html",
            "tags": [
              "tag1",
              "tag3",
            ],
            "title": "P3",
          },
          "previous": {
            "_id": "5da00cfdc5bee8aa488d13af769799a7b4043766",
            "_tag": "File",
            "baseDir": "/tmp/foo",
            "contents": "<h1>Home</h1>
<p>home content</p>
",
            "date": 2023-12-31T00:00:00.000Z,
            "fileBase": "index",
            "fileExt": ".html",
            "fileName": "index.html",
            "frontMatter": {
              "date": 2023-12-31T00:00:00.000Z,
              "layout": "layout.hbs",
              "nav": true,
              "navOrder": 2,
              "tags": [
                "tag1",
                "tag2",
              ],
              "title": "Home",
            },
            "layout": "layout.hbs",
            "link": "/posts",
            "nav": true,
            "navOrder": 2,
            "path": "/tmp/foo/posts/index.html",
            "relDir": "posts",
            "relPath": "posts/index.html",
            "tags": [
              "tag1",
              "tag2",
            ],
            "title": "Home",
          },
        },
        "contents": "<h1>P1</h1>
<p>p1 content</p>
",
        "date": 2024-01-01T00:00:00.000Z,
        "draft": false,
        "fileBase": "index",
        "fileExt": ".html",
        "fileName": "index.html",
        "frontMatter": {
          "date": 2024-01-01T00:00:00.000Z,
          "draft": false,
          "layout": "post.hbs",
          "title": "P1",
        },
        "layout": "post.hbs",
        "link": "/posts/p1",
        "path": "/tmp/foo/posts/p1/index.html",
        "relDir": "posts/p1",
        "relPath": "posts/p1/index.html",
        "title": "P1",
      },
    },
    "contents": "POST: P3",
    "date": 2024-01-03T00:00:00.000Z,
    "draft": false,
    "fileBase": "index",
    "fileExt": ".html",
    "fileName": "index.html",
    "frontMatter": {
      "date": 2024-01-03T00:00:00.000Z,
      "draft": false,
      "layout": "post.hbs",
      "nav": true,
      "navOrder": 1,
      "tags": [
        "tag1",
        "tag3",
      ],
      "title": "P3",
    },
    "layout": "post.hbs",
    "link": "/posts/p3",
    "nav": true,
    "navOrder": 1,
    "path": "/tmp/foo/posts/p3/index.html",
    "relDir": "posts/p3",
    "relPath": "posts/p3/index.html",
    "tags": [
      "tag1",
      "tag3",
    ],
    "title": "P3",
  },
  {
    "_id": "b359c750ad5faa054ea658adf748a9c2c0a8f66f",
    "_tag": "File",
    "baseDir": "/tmp/foo",
    "contents": Uint8Array [
      45,
      45,
      45,
      10,
      116,
      105,
      116,
      108,
      101,
      58,
      32,
      84,
      97,
      103,
      115,
      10,
      108,
      97,
      121,
      111,
      117,
      116,
      58,
      32,
      116,
      97,
      103,
      115,
      73,
      110,
      100,
      101,
      120,
      46,
      104,
      98,
      115,
      10,
      45,
      45,
      45,
      10,
      10,
      10,
    ],
    "fileBase": "index",
    "fileExt": ".md",
    "fileName": "index.md",
    "link": "/tags/index.md",
    "path": "/tmp/foo/tags/index.md",
    "relDir": "tags",
    "relPath": "tags/index.md",
  },
  {
    "_id": "fc984647a85bea2584fa6c07d87eda35e73b7044",
    "_tag": "File",
    "baseDir": "/tmp/foo",
    "contents": Uint8Array [
      45,
      45,
      45,
      10,
      116,
      105,
      116,
      108,
      101,
      58,
      32,
      84,
      97,
      103,
      115,
      32,
      45,
      32,
      116,
      97,
      103,
      49,
      10,
      108,
      97,
      121,
      111,
      117,
      116,
      58,
      32,
      116,
      97,
      103,
      46,
      104,
      98,
      115,
      10,
      116,
      97,
      103,
      58,
      32,
      116,
      97,
      103,
      49,
      10,
      45,
      45,
      45,
      10,
    ],
    "fileBase": "tag1",
    "fileExt": ".md",
    "fileName": "tag1.md",
    "link": "/tags/tag1.md",
    "path": "/tmp/foo/tags/tag1.md",
    "relDir": "tags",
    "relPath": "tags/tag1.md",
  },
  {
    "_id": "bfd1983a8b84266b7e1e657ee317296f83f732b3",
    "_tag": "File",
    "baseDir": "/tmp/foo",
    "contents": Uint8Array [
      45,
      45,
      45,
      10,
      116,
      105,
      116,
      108,
      101,
      58,
      32,
      84,
      97,
      103,
      115,
      32,
      45,
      32,
      116,
      97,
      103,
      50,
      10,
      108,
      97,
      121,
      111,
      117,
      116,
      58,
      32,
      116,
      97,
      103,
      46,
      104,
      98,
      115,
      10,
      116,
      97,
      103,
      58,
      32,
      116,
      97,
      103,
      50,
      10,
      45,
      45,
      45,
      10,
    ],
    "fileBase": "tag2",
    "fileExt": ".md",
    "fileName": "tag2.md",
    "link": "/tags/tag2.md",
    "path": "/tmp/foo/tags/tag2.md",
    "relDir": "tags",
    "relPath": "tags/tag2.md",
  },
  {
    "_id": "7fb259af04a9ad4c6015feb7a428e0fe2cf6fa2f",
    "_tag": "File",
    "baseDir": "/tmp/foo",
    "contents": Uint8Array [
      45,
      45,
      45,
      10,
      116,
      105,
      116,
      108,
      101,
      58,
      32,
      84,
      97,
      103,
      115,
      32,
      45,
      32,
      116,
      97,
      103,
      51,
      10,
      108,
      97,
      121,
      111,
      117,
      116,
      58,
      32,
      116,
      97,
      103,
      46,
      104,
      98,
      115,
      10,
      116,
      97,
      103,
      58,
      32,
      116,
      97,
      103,
      51,
      10,
      45,
      45,
      45,
      10,
    ],
    "fileBase": "tag3",
    "fileExt": ".md",
    "fileName": "tag3.md",
    "link": "/tags/tag3.md",
    "path": "/tmp/foo/tags/tag3.md",
    "relDir": "tags",
    "relPath": "tags/tag3.md",
  },
]
`;

exports[`funcsmith integration: integration-test-1-fs 1`] = `
"/
└─ tmp/
   ├─ foo/
   │  ├─ a.txt
   │  ├─ b.txt
   │  ├─ bar/
   │  │  ├─ e.txt
   │  │  └─ f.log
   │  ├─ c.csv
   │  ├─ d.json
   │  ├─ ignore1.txt
   │  └─ posts/
   │     ├─ index.md
   │     ├─ p1.md
   │     ├─ p2.md
   │     └─ p3.md
   ├─ layouts/
   │  ├─ bar.hbs
   │  ├─ foo.hbs
   │  ├─ layout.hbs
   │  └─ post.hbs
   ├─ partials/
   │  └─ footer.hbs
   └─ www/
      ├─ a.txt
      ├─ b.txt
      ├─ bar/
      │  ├─ e.txt
      │  └─ f.log
      ├─ c.csv
      ├─ d.json
      ├─ ignore1.txt
      ├─ posts/
      │  ├─ index.html
      │  ├─ p1/
      │  │  └─ index.html
      │  └─ p3/
      │     └─ index.html
      └─ tags/
         ├─ index.md
         ├─ tag1.md
         ├─ tag2.md
         └─ tag3.md"
`;

exports[`funcsmith integration: integration-test-env-1-context 1`] = `
{
  "collections": {
    "posts": {
      "collectionIndexItem": undefined,
      "items": [
        {
          "_id": "5da00cfdc5bee8aa488d13af769799a7b4043766",
          "_tag": "File",
          "baseDir": "/tmp/foo",
          "collection": {
            "len": 3,
            "name": "posts",
            "next": {
              "_id": "af1250e6e96150b7d36c7b0448d0a11275cddb93",
              "_tag": "File",
              "baseDir": "/tmp/foo",
              "contents": "<h1>P1</h1>
<p>p1 content</p>
",
              "date": 2024-01-01T00:00:00.000Z,
              "draft": false,
              "fileBase": "index",
              "fileExt": ".html",
              "fileName": "index.html",
              "frontMatter": {
                "date": 2024-01-01T00:00:00.000Z,
                "draft": false,
                "layout": "post.hbs",
                "title": "P1",
              },
              "layout": "post.hbs",
              "link": "/posts/p1",
              "path": "/tmp/foo/posts/p1/index.html",
              "relDir": "posts/p1",
              "relPath": "posts/p1/index.html",
              "title": "P1",
            },
          },
          "contents": "<h1>Home</h1>
<p>home content</p>
",
          "date": 2023-12-31T00:00:00.000Z,
          "fileBase": "index",
          "fileExt": ".html",
          "fileName": "index.html",
          "frontMatter": {
            "date": 2023-12-31T00:00:00.000Z,
            "layout": "layout.hbs",
            "nav": true,
            "navOrder": 2,
            "tags": [
              "tag1",
              "tag2",
            ],
            "title": "Home",
          },
          "layout": "layout.hbs",
          "link": "/posts",
          "nav": true,
          "navOrder": 2,
          "path": "/tmp/foo/posts/index.html",
          "relDir": "posts",
          "relPath": "posts/index.html",
          "tags": [
            "tag1",
            "tag2",
          ],
          "title": "Home",
        },
        {
          "_id": "af1250e6e96150b7d36c7b0448d0a11275cddb93",
          "_tag": "File",
          "baseDir": "/tmp/foo",
          "collection": {
            "len": 3,
            "name": "posts",
            "next": {
              "_id": "56b92724a5ed41ac6817e76408915c758d1ce978",
              "_tag": "File",
              "baseDir": "/tmp/foo",
              "contents": "<h1>P3</h1>
<p>p3 content</p>
",
              "date": 2024-01-03T00:00:00.000Z,
              "draft": false,
              "fileBase": "index",
              "fileExt": ".html",
              "fileName": "index.html",
              "frontMatter": {
                "date": 2024-01-03T00:00:00.000Z,
                "draft": false,
                "layout": "post.hbs",
                "nav": true,
                "navOrder": 1,
                "tags": [
                  "tag1",
                  "tag3",
                ],
                "title": "P3",
              },
              "layout": "post.hbs",
              "link": "/posts/p3",
              "nav": true,
              "navOrder": 1,
              "path": "/tmp/foo/posts/p3/index.html",
              "relDir": "posts/p3",
              "relPath": "posts/p3/index.html",
              "tags": [
                "tag1",
                "tag3",
              ],
              "title": "P3",
            },
            "previous": {
              "_id": "5da00cfdc5bee8aa488d13af769799a7b4043766",
              "_tag": "File",
              "baseDir": "/tmp/foo",
              "contents": "<h1>Home</h1>
<p>home content</p>
",
              "date": 2023-12-31T00:00:00.000Z,
              "fileBase": "index",
              "fileExt": ".html",
              "fileName": "index.html",
              "frontMatter": {
                "date": 2023-12-31T00:00:00.000Z,
                "layout": "layout.hbs",
                "nav": true,
                "navOrder": 2,
                "tags": [
                  "tag1",
                  "tag2",
                ],
                "title": "Home",
              },
              "layout": "layout.hbs",
              "link": "/posts",
              "nav": true,
              "navOrder": 2,
              "path": "/tmp/foo/posts/index.html",
              "relDir": "posts",
              "relPath": "posts/index.html",
              "tags": [
                "tag1",
                "tag2",
              ],
              "title": "Home",
            },
          },
          "contents": "<h1>P1</h1>
<p>p1 content</p>
",
          "date": 2024-01-01T00:00:00.000Z,
          "draft": false,
          "fileBase": "index",
          "fileExt": ".html",
          "fileName": "index.html",
          "frontMatter": {
            "date": 2024-01-01T00:00:00.000Z,
            "draft": false,
            "layout": "post.hbs",
            "title": "P1",
          },
          "layout": "post.hbs",
          "link": "/posts/p1",
          "path": "/tmp/foo/posts/p1/index.html",
          "relDir": "posts/p1",
          "relPath": "posts/p1/index.html",
          "title": "P1",
        },
        {
          "_id": "56b92724a5ed41ac6817e76408915c758d1ce978",
          "_tag": "File",
          "baseDir": "/tmp/foo",
          "collection": {
            "len": 3,
            "name": "posts",
            "previous": {
              "_id": "af1250e6e96150b7d36c7b0448d0a11275cddb93",
              "_tag": "File",
              "baseDir": "/tmp/foo",
              "contents": "<h1>P1</h1>
<p>p1 content</p>
",
              "date": 2024-01-01T00:00:00.000Z,
              "draft": false,
              "fileBase": "index",
              "fileExt": ".html",
              "fileName": "index.html",
              "frontMatter": {
                "date": 2024-01-01T00:00:00.000Z,
                "draft": false,
                "layout": "post.hbs",
                "title": "P1",
              },
              "layout": "post.hbs",
              "link": "/posts/p1",
              "path": "/tmp/foo/posts/p1/index.html",
              "relDir": "posts/p1",
              "relPath": "posts/p1/index.html",
              "title": "P1",
            },
          },
          "contents": "<h1>P3</h1>
<p>p3 content</p>
",
          "date": 2024-01-03T00:00:00.000Z,
          "draft": false,
          "fileBase": "index",
          "fileExt": ".html",
          "fileName": "index.html",
          "frontMatter": {
            "date": 2024-01-03T00:00:00.000Z,
            "draft": false,
            "layout": "post.hbs",
            "nav": true,
            "navOrder": 1,
            "tags": [
              "tag1",
              "tag3",
            ],
            "title": "P3",
          },
          "layout": "post.hbs",
          "link": "/posts/p3",
          "nav": true,
          "navOrder": 1,
          "path": "/tmp/foo/posts/p3/index.html",
          "relDir": "posts/p3",
          "relPath": "posts/p3/index.html",
          "tags": [
            "tag1",
            "tag3",
          ],
          "title": "P3",
        },
      ],
      "name": "posts",
    },
  },
  "fullSinkPath": "/tmp/www",
  "fullSourcePath": "/tmp/foo",
  "metadata": {
    "description": "It's about saying »Hello« to the world.",
    "generatorName": "funcsmith",
    "generatorUrl": "https://konker.dev/funcsmith/",
    "siteName": "My Static Site & Blog",
    "siteUrl": "https://example.com/",
  },
  "nav": [
    {
      "_id": "56b92724a5ed41ac6817e76408915c758d1ce978",
      "_tag": "File",
      "baseDir": "/tmp/foo",
      "collection": {
        "len": 3,
        "name": "posts",
        "previous": {
          "_id": "af1250e6e96150b7d36c7b0448d0a11275cddb93",
          "_tag": "File",
          "baseDir": "/tmp/foo",
          "collection": {
            "len": 3,
            "name": "posts",
            "next": {
              "_id": "56b92724a5ed41ac6817e76408915c758d1ce978",
              "_tag": "File",
              "baseDir": "/tmp/foo",
              "contents": "<h1>P3</h1>
<p>p3 content</p>
",
              "date": 2024-01-03T00:00:00.000Z,
              "draft": false,
              "fileBase": "index",
              "fileExt": ".html",
              "fileName": "index.html",
              "frontMatter": {
                "date": 2024-01-03T00:00:00.000Z,
                "draft": false,
                "layout": "post.hbs",
                "nav": true,
                "navOrder": 1,
                "tags": [
                  "tag1",
                  "tag3",
                ],
                "title": "P3",
              },
              "layout": "post.hbs",
              "link": "/posts/p3",
              "nav": true,
              "navOrder": 1,
              "path": "/tmp/foo/posts/p3/index.html",
              "relDir": "posts/p3",
              "relPath": "posts/p3/index.html",
              "tags": [
                "tag1",
                "tag3",
              ],
              "title": "P3",
            },
            "previous": {
              "_id": "5da00cfdc5bee8aa488d13af769799a7b4043766",
              "_tag": "File",
              "baseDir": "/tmp/foo",
              "contents": "<h1>Home</h1>
<p>home content</p>
",
              "date": 2023-12-31T00:00:00.000Z,
              "fileBase": "index",
              "fileExt": ".html",
              "fileName": "index.html",
              "frontMatter": {
                "date": 2023-12-31T00:00:00.000Z,
                "layout": "layout.hbs",
                "nav": true,
                "navOrder": 2,
                "tags": [
                  "tag1",
                  "tag2",
                ],
                "title": "Home",
              },
              "layout": "layout.hbs",
              "link": "/posts",
              "nav": true,
              "navOrder": 2,
              "path": "/tmp/foo/posts/index.html",
              "relDir": "posts",
              "relPath": "posts/index.html",
              "tags": [
                "tag1",
                "tag2",
              ],
              "title": "Home",
            },
          },
          "contents": "<h1>P1</h1>
<p>p1 content</p>
",
          "date": 2024-01-01T00:00:00.000Z,
          "draft": false,
          "fileBase": "index",
          "fileExt": ".html",
          "fileName": "index.html",
          "frontMatter": {
            "date": 2024-01-01T00:00:00.000Z,
            "draft": false,
            "layout": "post.hbs",
            "title": "P1",
          },
          "layout": "post.hbs",
          "link": "/posts/p1",
          "path": "/tmp/foo/posts/p1/index.html",
          "relDir": "posts/p1",
          "relPath": "posts/p1/index.html",
          "title": "P1",
        },
      },
      "contents": "<h1>P3</h1>
<p>p3 content</p>
",
      "date": 2024-01-03T00:00:00.000Z,
      "draft": false,
      "fileBase": "index",
      "fileExt": ".html",
      "fileName": "index.html",
      "frontMatter": {
        "date": 2024-01-03T00:00:00.000Z,
        "draft": false,
        "layout": "post.hbs",
        "nav": true,
        "navOrder": 1,
        "tags": [
          "tag1",
          "tag3",
        ],
        "title": "P3",
      },
      "layout": "post.hbs",
      "link": "/posts/p3",
      "nav": true,
      "navOrder": 1,
      "path": "/tmp/foo/posts/p3/index.html",
      "relDir": "posts/p3",
      "relPath": "posts/p3/index.html",
      "tags": [
        "tag1",
        "tag3",
      ],
      "title": "P3",
    },
    {
      "_id": "5da00cfdc5bee8aa488d13af769799a7b4043766",
      "_tag": "File",
      "baseDir": "/tmp/foo",
      "collection": {
        "len": 3,
        "name": "posts",
        "next": {
          "_id": "af1250e6e96150b7d36c7b0448d0a11275cddb93",
          "_tag": "File",
          "baseDir": "/tmp/foo",
          "collection": {
            "len": 3,
            "name": "posts",
            "next": {
              "_id": "56b92724a5ed41ac6817e76408915c758d1ce978",
              "_tag": "File",
              "baseDir": "/tmp/foo",
              "contents": "<h1>P3</h1>
<p>p3 content</p>
",
              "date": 2024-01-03T00:00:00.000Z,
              "draft": false,
              "fileBase": "index",
              "fileExt": ".html",
              "fileName": "index.html",
              "frontMatter": {
                "date": 2024-01-03T00:00:00.000Z,
                "draft": false,
                "layout": "post.hbs",
                "nav": true,
                "navOrder": 1,
                "tags": [
                  "tag1",
                  "tag3",
                ],
                "title": "P3",
              },
              "layout": "post.hbs",
              "link": "/posts/p3",
              "nav": true,
              "navOrder": 1,
              "path": "/tmp/foo/posts/p3/index.html",
              "relDir": "posts/p3",
              "relPath": "posts/p3/index.html",
              "tags": [
                "tag1",
                "tag3",
              ],
              "title": "P3",
            },
            "previous": {
              "_id": "5da00cfdc5bee8aa488d13af769799a7b4043766",
              "_tag": "File",
              "baseDir": "/tmp/foo",
              "contents": "<h1>Home</h1>
<p>home content</p>
",
              "date": 2023-12-31T00:00:00.000Z,
              "fileBase": "index",
              "fileExt": ".html",
              "fileName": "index.html",
              "frontMatter": {
                "date": 2023-12-31T00:00:00.000Z,
                "layout": "layout.hbs",
                "nav": true,
                "navOrder": 2,
                "tags": [
                  "tag1",
                  "tag2",
                ],
                "title": "Home",
              },
              "layout": "layout.hbs",
              "link": "/posts",
              "nav": true,
              "navOrder": 2,
              "path": "/tmp/foo/posts/index.html",
              "relDir": "posts",
              "relPath": "posts/index.html",
              "tags": [
                "tag1",
                "tag2",
              ],
              "title": "Home",
            },
          },
          "contents": "<h1>P1</h1>
<p>p1 content</p>
",
          "date": 2024-01-01T00:00:00.000Z,
          "draft": false,
          "fileBase": "index",
          "fileExt": ".html",
          "fileName": "index.html",
          "frontMatter": {
            "date": 2024-01-01T00:00:00.000Z,
            "draft": false,
            "layout": "post.hbs",
            "title": "P1",
          },
          "layout": "post.hbs",
          "link": "/posts/p1",
          "path": "/tmp/foo/posts/p1/index.html",
          "relDir": "posts/p1",
          "relPath": "posts/p1/index.html",
          "title": "P1",
        },
      },
      "contents": "<h1>Home</h1>
<p>home content</p>
",
      "date": 2023-12-31T00:00:00.000Z,
      "fileBase": "index",
      "fileExt": ".html",
      "fileName": "index.html",
      "frontMatter": {
        "date": 2023-12-31T00:00:00.000Z,
        "layout": "layout.hbs",
        "nav": true,
        "navOrder": 2,
        "tags": [
          "tag1",
          "tag2",
        ],
        "title": "Home",
      },
      "layout": "layout.hbs",
      "link": "/posts",
      "nav": true,
      "navOrder": 2,
      "path": "/tmp/foo/posts/index.html",
      "relDir": "posts",
      "relPath": "posts/index.html",
      "tags": [
        "tag1",
        "tag2",
      ],
      "title": "Home",
    },
  ],
  "rootDirPath": "/tmp",
  "sinkPath": "/tmp/www",
  "sourcePath": "/tmp/foo",
  "tags": {
    "index": {
      "tag1": [
        {
          "_id": "5da00cfdc5bee8aa488d13af769799a7b4043766",
          "_tag": "File",
          "baseDir": "/tmp/foo",
          "collection": {
            "len": 3,
            "name": "posts",
            "next": {
              "_id": "af1250e6e96150b7d36c7b0448d0a11275cddb93",
              "_tag": "File",
              "baseDir": "/tmp/foo",
              "collection": {
                "len": 3,
                "name": "posts",
                "next": {
                  "_id": "56b92724a5ed41ac6817e76408915c758d1ce978",
                  "_tag": "File",
                  "baseDir": "/tmp/foo",
                  "contents": "<h1>P3</h1>
<p>p3 content</p>
",
                  "date": 2024-01-03T00:00:00.000Z,
                  "draft": false,
                  "fileBase": "index",
                  "fileExt": ".html",
                  "fileName": "index.html",
                  "frontMatter": {
                    "date": 2024-01-03T00:00:00.000Z,
                    "draft": false,
                    "layout": "post.hbs",
                    "nav": true,
                    "navOrder": 1,
                    "tags": [
                      "tag1",
                      "tag3",
                    ],
                    "title": "P3",
                  },
                  "layout": "post.hbs",
                  "link": "/posts/p3",
                  "nav": true,
                  "navOrder": 1,
                  "path": "/tmp/foo/posts/p3/index.html",
                  "relDir": "posts/p3",
                  "relPath": "posts/p3/index.html",
                  "tags": [
                    "tag1",
                    "tag3",
                  ],
                  "title": "P3",
                },
                "previous": {
                  "_id": "5da00cfdc5bee8aa488d13af769799a7b4043766",
                  "_tag": "File",
                  "baseDir": "/tmp/foo",
                  "contents": "<h1>Home</h1>
<p>home content</p>
",
                  "date": 2023-12-31T00:00:00.000Z,
                  "fileBase": "index",
                  "fileExt": ".html",
                  "fileName": "index.html",
                  "frontMatter": {
                    "date": 2023-12-31T00:00:00.000Z,
                    "layout": "layout.hbs",
                    "nav": true,
                    "navOrder": 2,
                    "tags": [
                      "tag1",
                      "tag2",
                    ],
                    "title": "Home",
                  },
                  "layout": "layout.hbs",
                  "link": "/posts",
                  "nav": true,
                  "navOrder": 2,
                  "path": "/tmp/foo/posts/index.html",
                  "relDir": "posts",
                  "relPath": "posts/index.html",
                  "tags": [
                    "tag1",
                    "tag2",
                  ],
                  "title": "Home",
                },
              },
              "contents": "<h1>P1</h1>
<p>p1 content</p>
",
              "date": 2024-01-01T00:00:00.000Z,
              "draft": false,
              "fileBase": "index",
              "fileExt": ".html",
              "fileName": "index.html",
              "frontMatter": {
                "date": 2024-01-01T00:00:00.000Z,
                "draft": false,
                "layout": "post.hbs",
                "title": "P1",
              },
              "layout": "post.hbs",
              "link": "/posts/p1",
              "path": "/tmp/foo/posts/p1/index.html",
              "relDir": "posts/p1",
              "relPath": "posts/p1/index.html",
              "title": "P1",
            },
          },
          "contents": "<h1>Home</h1>
<p>home content</p>
",
          "date": 2023-12-31T00:00:00.000Z,
          "fileBase": "index",
          "fileExt": ".html",
          "fileName": "index.html",
          "frontMatter": {
            "date": 2023-12-31T00:00:00.000Z,
            "layout": "layout.hbs",
            "nav": true,
            "navOrder": 2,
            "tags": [
              "tag1",
              "tag2",
            ],
            "title": "Home",
          },
          "layout": "layout.hbs",
          "link": "/posts",
          "nav": true,
          "navOrder": 2,
          "path": "/tmp/foo/posts/index.html",
          "relDir": "posts",
          "relPath": "posts/index.html",
          "tags": [
            "tag1",
            "tag2",
          ],
          "title": "Home",
        },
        {
          "_id": "56b92724a5ed41ac6817e76408915c758d1ce978",
          "_tag": "File",
          "baseDir": "/tmp/foo",
          "collection": {
            "len": 3,
            "name": "posts",
            "previous": {
              "_id": "af1250e6e96150b7d36c7b0448d0a11275cddb93",
              "_tag": "File",
              "baseDir": "/tmp/foo",
              "collection": {
                "len": 3,
                "name": "posts",
                "next": {
                  "_id": "56b92724a5ed41ac6817e76408915c758d1ce978",
                  "_tag": "File",
                  "baseDir": "/tmp/foo",
                  "contents": "<h1>P3</h1>
<p>p3 content</p>
",
                  "date": 2024-01-03T00:00:00.000Z,
                  "draft": false,
                  "fileBase": "index",
                  "fileExt": ".html",
                  "fileName": "index.html",
                  "frontMatter": {
                    "date": 2024-01-03T00:00:00.000Z,
                    "draft": false,
                    "layout": "post.hbs",
                    "nav": true,
                    "navOrder": 1,
                    "tags": [
                      "tag1",
                      "tag3",
                    ],
                    "title": "P3",
                  },
                  "layout": "post.hbs",
                  "link": "/posts/p3",
                  "nav": true,
                  "navOrder": 1,
                  "path": "/tmp/foo/posts/p3/index.html",
                  "relDir": "posts/p3",
                  "relPath": "posts/p3/index.html",
                  "tags": [
                    "tag1",
                    "tag3",
                  ],
                  "title": "P3",
                },
                "previous": {
                  "_id": "5da00cfdc5bee8aa488d13af769799a7b4043766",
                  "_tag": "File",
                  "baseDir": "/tmp/foo",
                  "contents": "<h1>Home</h1>
<p>home content</p>
",
                  "date": 2023-12-31T00:00:00.000Z,
                  "fileBase": "index",
                  "fileExt": ".html",
                  "fileName": "index.html",
                  "frontMatter": {
                    "date": 2023-12-31T00:00:00.000Z,
                    "layout": "layout.hbs",
                    "nav": true,
                    "navOrder": 2,
                    "tags": [
                      "tag1",
                      "tag2",
                    ],
                    "title": "Home",
                  },
                  "layout": "layout.hbs",
                  "link": "/posts",
                  "nav": true,
                  "navOrder": 2,
                  "path": "/tmp/foo/posts/index.html",
                  "relDir": "posts",
                  "relPath": "posts/index.html",
                  "tags": [
                    "tag1",
                    "tag2",
                  ],
                  "title": "Home",
                },
              },
              "contents": "<h1>P1</h1>
<p>p1 content</p>
",
              "date": 2024-01-01T00:00:00.000Z,
              "draft": false,
              "fileBase": "index",
              "fileExt": ".html",
              "fileName": "index.html",
              "frontMatter": {
                "date": 2024-01-01T00:00:00.000Z,
                "draft": false,
                "layout": "post.hbs",
                "title": "P1",
              },
              "layout": "post.hbs",
              "link": "/posts/p1",
              "path": "/tmp/foo/posts/p1/index.html",
              "relDir": "posts/p1",
              "relPath": "posts/p1/index.html",
              "title": "P1",
            },
          },
          "contents": "<h1>P3</h1>
<p>p3 content</p>
",
          "date": 2024-01-03T00:00:00.000Z,
          "draft": false,
          "fileBase": "index",
          "fileExt": ".html",
          "fileName": "index.html",
          "frontMatter": {
            "date": 2024-01-03T00:00:00.000Z,
            "draft": false,
            "layout": "post.hbs",
            "nav": true,
            "navOrder": 1,
            "tags": [
              "tag1",
              "tag3",
            ],
            "title": "P3",
          },
          "layout": "post.hbs",
          "link": "/posts/p3",
          "nav": true,
          "navOrder": 1,
          "path": "/tmp/foo/posts/p3/index.html",
          "relDir": "posts/p3",
          "relPath": "posts/p3/index.html",
          "tags": [
            "tag1",
            "tag3",
          ],
          "title": "P3",
        },
      ],
      "tag2": [
        {
          "_id": "5da00cfdc5bee8aa488d13af769799a7b4043766",
          "_tag": "File",
          "baseDir": "/tmp/foo",
          "collection": {
            "len": 3,
            "name": "posts",
            "next": {
              "_id": "af1250e6e96150b7d36c7b0448d0a11275cddb93",
              "_tag": "File",
              "baseDir": "/tmp/foo",
              "collection": {
                "len": 3,
                "name": "posts",
                "next": {
                  "_id": "56b92724a5ed41ac6817e76408915c758d1ce978",
                  "_tag": "File",
                  "baseDir": "/tmp/foo",
                  "contents": "<h1>P3</h1>
<p>p3 content</p>
",
                  "date": 2024-01-03T00:00:00.000Z,
                  "draft": false,
                  "fileBase": "index",
                  "fileExt": ".html",
                  "fileName": "index.html",
                  "frontMatter": {
                    "date": 2024-01-03T00:00:00.000Z,
                    "draft": false,
                    "layout": "post.hbs",
                    "nav": true,
                    "navOrder": 1,
                    "tags": [
                      "tag1",
                      "tag3",
                    ],
                    "title": "P3",
                  },
                  "layout": "post.hbs",
                  "link": "/posts/p3",
                  "nav": true,
                  "navOrder": 1,
                  "path": "/tmp/foo/posts/p3/index.html",
                  "relDir": "posts/p3",
                  "relPath": "posts/p3/index.html",
                  "tags": [
                    "tag1",
                    "tag3",
                  ],
                  "title": "P3",
                },
                "previous": {
                  "_id": "5da00cfdc5bee8aa488d13af769799a7b4043766",
                  "_tag": "File",
                  "baseDir": "/tmp/foo",
                  "contents": "<h1>Home</h1>
<p>home content</p>
",
                  "date": 2023-12-31T00:00:00.000Z,
                  "fileBase": "index",
                  "fileExt": ".html",
                  "fileName": "index.html",
                  "frontMatter": {
                    "date": 2023-12-31T00:00:00.000Z,
                    "layout": "layout.hbs",
                    "nav": true,
                    "navOrder": 2,
                    "tags": [
                      "tag1",
                      "tag2",
                    ],
                    "title": "Home",
                  },
                  "layout": "layout.hbs",
                  "link": "/posts",
                  "nav": true,
                  "navOrder": 2,
                  "path": "/tmp/foo/posts/index.html",
                  "relDir": "posts",
                  "relPath": "posts/index.html",
                  "tags": [
                    "tag1",
                    "tag2",
                  ],
                  "title": "Home",
                },
              },
              "contents": "<h1>P1</h1>
<p>p1 content</p>
",
              "date": 2024-01-01T00:00:00.000Z,
              "draft": false,
              "fileBase": "index",
              "fileExt": ".html",
              "fileName": "index.html",
              "frontMatter": {
                "date": 2024-01-01T00:00:00.000Z,
                "draft": false,
                "layout": "post.hbs",
                "title": "P1",
              },
              "layout": "post.hbs",
              "link": "/posts/p1",
              "path": "/tmp/foo/posts/p1/index.html",
              "relDir": "posts/p1",
              "relPath": "posts/p1/index.html",
              "title": "P1",
            },
          },
          "contents": "<h1>Home</h1>
<p>home content</p>
",
          "date": 2023-12-31T00:00:00.000Z,
          "fileBase": "index",
          "fileExt": ".html",
          "fileName": "index.html",
          "frontMatter": {
            "date": 2023-12-31T00:00:00.000Z,
            "layout": "layout.hbs",
            "nav": true,
            "navOrder": 2,
            "tags": [
              "tag1",
              "tag2",
            ],
            "title": "Home",
          },
          "layout": "layout.hbs",
          "link": "/posts",
          "nav": true,
          "navOrder": 2,
          "path": "/tmp/foo/posts/index.html",
          "relDir": "posts",
          "relPath": "posts/index.html",
          "tags": [
            "tag1",
            "tag2",
          ],
          "title": "Home",
        },
      ],
      "tag3": [
        {
          "_id": "56b92724a5ed41ac6817e76408915c758d1ce978",
          "_tag": "File",
          "baseDir": "/tmp/foo",
          "collection": {
            "len": 3,
            "name": "posts",
            "previous": {
              "_id": "af1250e6e96150b7d36c7b0448d0a11275cddb93",
              "_tag": "File",
              "baseDir": "/tmp/foo",
              "collection": {
                "len": 3,
                "name": "posts",
                "next": {
                  "_id": "56b92724a5ed41ac6817e76408915c758d1ce978",
                  "_tag": "File",
                  "baseDir": "/tmp/foo",
                  "contents": "<h1>P3</h1>
<p>p3 content</p>
",
                  "date": 2024-01-03T00:00:00.000Z,
                  "draft": false,
                  "fileBase": "index",
                  "fileExt": ".html",
                  "fileName": "index.html",
                  "frontMatter": {
                    "date": 2024-01-03T00:00:00.000Z,
                    "draft": false,
                    "layout": "post.hbs",
                    "nav": true,
                    "navOrder": 1,
                    "tags": [
                      "tag1",
                      "tag3",
                    ],
                    "title": "P3",
                  },
                  "layout": "post.hbs",
                  "link": "/posts/p3",
                  "nav": true,
                  "navOrder": 1,
                  "path": "/tmp/foo/posts/p3/index.html",
                  "relDir": "posts/p3",
                  "relPath": "posts/p3/index.html",
                  "tags": [
                    "tag1",
                    "tag3",
                  ],
                  "title": "P3",
                },
                "previous": {
                  "_id": "5da00cfdc5bee8aa488d13af769799a7b4043766",
                  "_tag": "File",
                  "baseDir": "/tmp/foo",
                  "contents": "<h1>Home</h1>
<p>home content</p>
",
                  "date": 2023-12-31T00:00:00.000Z,
                  "fileBase": "index",
                  "fileExt": ".html",
                  "fileName": "index.html",
                  "frontMatter": {
                    "date": 2023-12-31T00:00:00.000Z,
                    "layout": "layout.hbs",
                    "nav": true,
                    "navOrder": 2,
                    "tags": [
                      "tag1",
                      "tag2",
                    ],
                    "title": "Home",
                  },
                  "layout": "layout.hbs",
                  "link": "/posts",
                  "nav": true,
                  "navOrder": 2,
                  "path": "/tmp/foo/posts/index.html",
                  "relDir": "posts",
                  "relPath": "posts/index.html",
                  "tags": [
                    "tag1",
                    "tag2",
                  ],
                  "title": "Home",
                },
              },
              "contents": "<h1>P1</h1>
<p>p1 content</p>
",
              "date": 2024-01-01T00:00:00.000Z,
              "draft": false,
              "fileBase": "index",
              "fileExt": ".html",
              "fileName": "index.html",
              "frontMatter": {
                "date": 2024-01-01T00:00:00.000Z,
                "draft": false,
                "layout": "post.hbs",
                "title": "P1",
              },
              "layout": "post.hbs",
              "link": "/posts/p1",
              "path": "/tmp/foo/posts/p1/index.html",
              "relDir": "posts/p1",
              "relPath": "posts/p1/index.html",
              "title": "P1",
            },
          },
          "contents": "<h1>P3</h1>
<p>p3 content</p>
",
          "date": 2024-01-03T00:00:00.000Z,
          "draft": false,
          "fileBase": "index",
          "fileExt": ".html",
          "fileName": "index.html",
          "frontMatter": {
            "date": 2024-01-03T00:00:00.000Z,
            "draft": false,
            "layout": "post.hbs",
            "nav": true,
            "navOrder": 1,
            "tags": [
              "tag1",
              "tag3",
            ],
            "title": "P3",
          },
          "layout": "post.hbs",
          "link": "/posts/p3",
          "nav": true,
          "navOrder": 1,
          "path": "/tmp/foo/posts/p3/index.html",
          "relDir": "posts/p3",
          "relPath": "posts/p3/index.html",
          "tags": [
            "tag1",
            "tag3",
          ],
          "title": "P3",
        },
      ],
    },
    "keys": [
      "tag1",
      "tag2",
      "tag3",
    ],
  },
}
`;

exports[`funcsmith integration: integration-test-env-1-env 1`] = `
{
  "env": {
    "TEST_SOME_ENV_VAR": "TEST_SOME_ENV_VAR_VALUE",
  },
}
`;
